<p>This is a LDQUOnot so simpleRDQUO test. For single LSQUOquotesRSQUO, too.</p>
