<p>This is „yet another test“. Still a ‚simple‘ one.</p>
